1.460651329665552112e-06 1.666644323002839601e+00 1.273441109516489133e-03 1.549149907083776423e+00
0.000000000000000000e+00 1.785719595389533287e+00 1.194726037887748615e-03 2.831900805209669247e+00
0.000000000000000000e+00 1.724143992329743025e+00 1.168444796292257212e-03 1.501334772868149869e+00
