1.335142414404799638e-06 1.559055997467897647e+01 1.241548142245983959e-03 -9.416511899838546640e-01
0.000000000000000000e+00 2.016413368305810394e+01 1.067954595630112588e-03 -3.118486224688233666e+00
0.000000000000000000e+00 1.678286272220116615e+01 7.550149509782899627e-04 3.104601659682960424e+00
0.000000000000000000e+00 1.428970246127967059e+01 6.363830717854310291e-04 -1.536594474795714316e+00
0.000000000000000000e+00 1.285194531656347294e+01 3.982908042258944672e-04 2.146393754626876316e+00
